AR seu30 behavioral C:/Users/utp/Desktop/Procesador/Componentes/SEU30/SEU30.vhd sub00/vhpl09 1479246507
AR mux behavioral C:/Users/utp/Desktop/Procesador/Componentes/MUX/MUX.vhd sub00/vhpl23 1479246521
EN psr NULL C:/Users/utp/Desktop/Procesador/Componentes/PSR/PSR.vhd sub00/vhpl26 1479246524
AR procesador behavioral C:/Users/utp/Desktop/Procesador/Procesadores/Tercero/Procesador.vhd sub00/vhpl33 1479246531
EN seu NULL C:/Users/utp/Desktop/Procesador/Componentes/SEU/SEU.vhd sub00/vhpl20 1479246518
EN win_man NULL C:/Users/utp/Desktop/Procesador/Componentes/WindowsManager/Win_Man.vhd sub00/vhpl14 1479246512
AR muxc behavioral C:/Users/utp/Desktop/Procesador/Componentes/MUXC/MUXC.vhd sub00/vhpl17 1479246515
AR unitycontrol behavioral C:/Users/utp/Desktop/Procesador/Componentes/UnityControlP/UnityControl.vhd sub00/vhpl13 1479246511
AR sumador arq_sumador C:/Users/utp/Desktop/Procesador/Componentes/Sumador/Sumador.vhd sub00/vhpl03 1479246501
EN unitycontrol NULL C:/Users/utp/Desktop/Procesador/Componentes/UnityControlP/UnityControl.vhd sub00/vhpl12 1479246510
AR im behavioral C:/Users/utp/Desktop/Procesador/Componentes/IM/IM.vhd sub00/vhpl05 1479246503
EN im NULL C:/Users/utp/Desktop/Procesador/Componentes/IM/IM.vhd sub00/vhpl04 1479246502
AR seu behavioral C:/Users/utp/Desktop/Procesador/Componentes/SEU/SEU.vhd sub00/vhpl21 1479246519
AR datamemory behavioral C:/Users/utp/Desktop/Procesador/Componentes/DM/DataMemory.vhd sub00/vhpl31 1479246529
EN muxc NULL C:/Users/utp/Desktop/Procesador/Componentes/MUXC/MUXC.vhd sub00/vhpl16 1479246514
EN muxf NULL C:/Users/utp/Desktop/Procesador/Componentes/MUX4/MUXF.vhd sub00/vhpl10 1479246508
EN seudisp NULL C:/Users/utp/Desktop/Procesador/Componentes/SEU22/SEUDisp.vhd sub00/vhpl06 1479246504
EN pc NULL C:/Users/utp/Desktop/Procesador/Componentes/PC/PC.vhd sub00/vhpl00 1479246498
AR seudisp behavioral C:/Users/utp/Desktop/Procesador/Componentes/SEU22/SEUDisp.vhd sub00/vhpl07 1479246505
AR psr_modifier behavioral C:/Users/utp/Desktop/Procesador/Componentes/PSR_Modifier/PSR_Modifier.vhd sub00/vhpl25 1479246523
EN procesador NULL C:/Users/utp/Desktop/Procesador/Procesadores/Tercero/Procesador.vhd sub00/vhpl32 1479246530
EN seu30 NULL C:/Users/utp/Desktop/Procesador/Componentes/SEU30/SEU30.vhd sub00/vhpl08 1479246506
AR muxf behavioral C:/Users/utp/Desktop/Procesador/Componentes/MUX4/MUXF.vhd sub00/vhpl11 1479246509
AR psr behavioral C:/Users/utp/Desktop/Procesador/Componentes/PSR/PSR.vhd sub00/vhpl27 1479246525
AR win_man behavioral C:/Users/utp/Desktop/Procesador/Componentes/WindowsManager/Win_Man.vhd sub00/vhpl15 1479246513
EN psr_modifier NULL C:/Users/utp/Desktop/Procesador/Componentes/PSR_Modifier/PSR_Modifier.vhd sub00/vhpl24 1479246522
EN mux NULL C:/Users/utp/Desktop/Procesador/Componentes/MUX/MUX.vhd sub00/vhpl22 1479246520
AR registerfile behavioral C:/Users/utp/Desktop/Procesador/Componentes/RegisterFileP/RegisterFile.vhd sub00/vhpl19 1479246517
AR alu behavioral C:/Users/utp/Desktop/Procesador/Componentes/ALUMod/ALU.vhd sub00/vhpl29 1479246527
EN datamemory NULL C:/Users/utp/Desktop/Procesador/Componentes/DM/DataMemory.vhd sub00/vhpl30 1479246528
AR pc behavioral C:/Users/utp/Desktop/Procesador/Componentes/PC/PC.vhd sub00/vhpl01 1479246499
EN sumador NULL C:/Users/utp/Desktop/Procesador/Componentes/Sumador/Sumador.vhd sub00/vhpl02 1479246500
EN registerfile NULL C:/Users/utp/Desktop/Procesador/Componentes/RegisterFileP/RegisterFile.vhd sub00/vhpl18 1479246516
EN alu NULL C:/Users/utp/Desktop/Procesador/Componentes/ALUMod/ALU.vhd sub00/vhpl28 1479246526
