AR seu30 behavioral C:/Users/Vera96/Desktop/Procesador/Componentes/SEU30/SEU30.vhd sub00/vhpl10 1478701763
AR mux behavioral C:/Users/Vera96/Desktop/Procesador/Componentes/MUX/MUX.vhd sub00/vhpl24 1478701777
EN psr NULL C:/Users/Vera96/Desktop/Procesador/Componentes/PSR/PSR.vhd sub00/vhpl27 1478701780
AR procesador behavioral C:/Users/Vera96/Desktop/Procesador/Procesadores/Tercero/Procesador.vhd sub00/vhpl33 1478701787
EN seu NULL C:/Users/Vera96/Desktop/Procesador/Componentes/SEU/SEU.vhd sub00/vhpl21 1478701774
EN win_man NULL C:/Users/Vera96/Desktop/Procesador/Componentes/WindowsManager/Win_Man.vhd sub00/vhpl15 1478701768
AR muxc behavioral C:/Users/Vera96/Desktop/Procesador/Componentes/MUXC/MUXC.vhd sub00/vhpl18 1478701771
AR unitycontrol behavioral C:/Users/Vera96/Desktop/Procesador/Componentes/UnityControlP/UnityControl.vhd sub00/vhpl14 1478701767
AR sumador arq_sumador C:/Users/Vera96/Desktop/Procesador/Componentes/Sumador/Sumador.vhd sub00/vhpl04 1478701757
EN unitycontrol NULL C:/Users/Vera96/Desktop/Procesador/Componentes/UnityControlP/UnityControl.vhd sub00/vhpl13 1478701766
AR im behavioral C:/Users/Vera96/Desktop/Procesador/Componentes/IM/IM.vhd sub00/vhpl06 1478701759
EN im NULL C:/Users/Vera96/Desktop/Procesador/Componentes/IM/IM.vhd sub00/vhpl05 1478701758
AR seu behavioral C:/Users/Vera96/Desktop/Procesador/Componentes/SEU/SEU.vhd sub00/vhpl22 1478701775
AR datamemory behavioral C:/Users/Vera96/Desktop/Procesador/Componentes/DM/DataMemory.vhd sub00/vhpl32 1478701785
EN muxc NULL C:/Users/Vera96/Desktop/Procesador/Componentes/MUXC/MUXC.vhd sub00/vhpl17 1478701770
EN muxf NULL C:/Users/Vera96/Desktop/Procesador/Componentes/MUX4/MUXF.vhd sub00/vhpl11 1478701764
EN seudisp NULL C:/Users/Vera96/Desktop/Procesador/Componentes/SEU22/SEUDisp.vhd sub00/vhpl07 1478701760
EN pc NULL C:/Users/Vera96/Desktop/Procesador/Componentes/PC/PC.vhd sub00/vhpl01 1478701754
AR seudisp behavioral C:/Users/Vera96/Desktop/Procesador/Componentes/SEU22/SEUDisp.vhd sub00/vhpl08 1478701761
EN procesador NULL C:/Users/Vera96/Desktop/Procesador/Procesadores/Tercero/Procesador.vhd sub00/vhpl00 1478701786
AR psr_modifier behavioral C:/Users/Vera96/Desktop/Procesador/Componentes/PSR_Modifier/PSR_Modifier.vhd sub00/vhpl26 1478701779
EN seu30 NULL C:/Users/Vera96/Desktop/Procesador/Componentes/SEU30/SEU30.vhd sub00/vhpl09 1478701762
AR muxf behavioral C:/Users/Vera96/Desktop/Procesador/Componentes/MUX4/MUXF.vhd sub00/vhpl12 1478701765
AR psr behavioral C:/Users/Vera96/Desktop/Procesador/Componentes/PSR/PSR.vhd sub00/vhpl28 1478701781
AR win_man behavioral C:/Users/Vera96/Desktop/Procesador/Componentes/WindowsManager/Win_Man.vhd sub00/vhpl16 1478701769
EN psr_modifier NULL C:/Users/Vera96/Desktop/Procesador/Componentes/PSR_Modifier/PSR_Modifier.vhd sub00/vhpl25 1478701778
EN mux NULL C:/Users/Vera96/Desktop/Procesador/Componentes/MUX/MUX.vhd sub00/vhpl23 1478701776
AR registerfile behavioral C:/Users/Vera96/Desktop/Procesador/Componentes/RegisterFileP/RegisterFile.vhd sub00/vhpl20 1478701773
AR alu behavioral C:/Users/Vera96/Desktop/Procesador/Componentes/ALUMod/ALU.vhd sub00/vhpl30 1478701783
EN datamemory NULL C:/Users/Vera96/Desktop/Procesador/Componentes/DM/DataMemory.vhd sub00/vhpl31 1478701784
AR pc behavioral C:/Users/Vera96/Desktop/Procesador/Componentes/PC/PC.vhd sub00/vhpl02 1478701755
EN sumador NULL C:/Users/Vera96/Desktop/Procesador/Componentes/Sumador/Sumador.vhd sub00/vhpl03 1478701756
EN registerfile NULL C:/Users/Vera96/Desktop/Procesador/Componentes/RegisterFileP/RegisterFile.vhd sub00/vhpl19 1478701772
EN alu NULL C:/Users/Vera96/Desktop/Procesador/Componentes/ALUMod/ALU.vhd sub00/vhpl29 1478701782
