AR seu30 behavioral D:/Arquitectura/Componentes/SEU30/SEU30.vhd sub00/vhpl10 1478645778
AR mux behavioral D:/Arquitectura/Componentes/MUX/MUX.vhd sub00/vhpl24 1478645792
EN psr NULL D:/Arquitectura/Componentes/PSR/PSR.vhd sub00/vhpl27 1478645795
AR procesador behavioral D:/Arquitectura/Procesadores/Tercero/Procesador.vhd sub00/vhpl33 1478645802
EN seu NULL D:/Arquitectura/Componentes/SEU/SEU.vhd sub00/vhpl21 1478645789
EN win_man NULL D:/Arquitectura/Componentes/WindowsManager/Win_Man.vhd sub00/vhpl15 1478645783
AR muxc behavioral D:/Arquitectura/Componentes/MUXC/MUXC.vhd sub00/vhpl18 1478645786
AR unitycontrol behavioral D:/Arquitectura/Componentes/UnityControlP/UnityControl.vhd sub00/vhpl14 1478645782
AR sumador arq_sumador D:/Arquitectura/Componentes/Sumador/Sumador.vhd sub00/vhpl04 1478645772
EN unitycontrol NULL D:/Arquitectura/Componentes/UnityControlP/UnityControl.vhd sub00/vhpl13 1478645781
AR im behavioral D:/Arquitectura/Componentes/IM/IM.vhd sub00/vhpl06 1478645774
EN im NULL D:/Arquitectura/Componentes/IM/IM.vhd sub00/vhpl05 1478645773
AR seu behavioral D:/Arquitectura/Componentes/SEU/SEU.vhd sub00/vhpl22 1478645790
AR datamemory behavioral D:/Arquitectura/Componentes/DM/DataMemory.vhd sub00/vhpl32 1478645800
EN muxc NULL D:/Arquitectura/Componentes/MUXC/MUXC.vhd sub00/vhpl17 1478645785
EN muxf NULL D:/Arquitectura/Componentes/MUX4/MUXF.vhd sub00/vhpl11 1478645779
EN seudisp NULL D:/Arquitectura/Componentes/SEU22/SEUDisp.vhd sub00/vhpl07 1478645775
EN pc NULL D:/Arquitectura/Componentes/PC/PC.vhd sub00/vhpl01 1478645769
AR seudisp behavioral D:/Arquitectura/Componentes/SEU22/SEUDisp.vhd sub00/vhpl08 1478645776
EN procesador NULL D:/Arquitectura/Procesadores/Tercero/Procesador.vhd sub00/vhpl00 1478645801
AR psr_modifier behavioral D:/Arquitectura/Componentes/PSR_Modifier/PSR_Modifier.vhd sub00/vhpl26 1478645794
EN seu30 NULL D:/Arquitectura/Componentes/SEU30/SEU30.vhd sub00/vhpl09 1478645777
AR muxf behavioral D:/Arquitectura/Componentes/MUX4/MUXF.vhd sub00/vhpl12 1478645780
AR psr behavioral D:/Arquitectura/Componentes/PSR/PSR.vhd sub00/vhpl28 1478645796
AR win_man behavioral D:/Arquitectura/Componentes/WindowsManager/Win_Man.vhd sub00/vhpl16 1478645784
EN psr_modifier NULL D:/Arquitectura/Componentes/PSR_Modifier/PSR_Modifier.vhd sub00/vhpl25 1478645793
EN mux NULL D:/Arquitectura/Componentes/MUX/MUX.vhd sub00/vhpl23 1478645791
AR registerfile behavioral D:/Arquitectura/Componentes/RegisterFileP/RegisterFile.vhd sub00/vhpl20 1478645788
AR alu behavioral D:/Arquitectura/Componentes/ALUMod/ALU.vhd sub00/vhpl30 1478645798
EN datamemory NULL D:/Arquitectura/Componentes/DM/DataMemory.vhd sub00/vhpl31 1478645799
AR pc behavioral D:/Arquitectura/Componentes/PC/PC.vhd sub00/vhpl02 1478645770
EN sumador NULL D:/Arquitectura/Componentes/Sumador/Sumador.vhd sub00/vhpl03 1478645771
EN registerfile NULL D:/Arquitectura/Componentes/RegisterFileP/RegisterFile.vhd sub00/vhpl19 1478645787
EN alu NULL D:/Arquitectura/Componentes/ALUMod/ALU.vhd sub00/vhpl29 1478645797
