V3 67
FL C:/Users/utp/Desktop/Procesador/Componentes/ALUMod/ALU.vhd 2016/11/15.16:33:28 P.20131013
EN work/ALU 1479246526 \
      FL C:/Users/utp/Desktop/Procesador/Componentes/ALUMod/ALU.vhd \
      PB ieee/std_logic_1164 1381692176 PB ieee/std_logic_arith 1381692177 \
      PB ieee/STD_LOGIC_UNSIGNED 1381692179
AR work/ALU/Behavioral 1479246527 \
      FL C:/Users/utp/Desktop/Procesador/Componentes/ALUMod/ALU.vhd EN work/ALU 1479246526
FL C:/Users/utp/Desktop/Procesador/Componentes/DM/DataMemory.vhd 2016/11/15.16:33:28 P.20131013
EN work/DataMemory 1479246528 \
      FL C:/Users/utp/Desktop/Procesador/Componentes/DM/DataMemory.vhd \
      PB ieee/std_logic_1164 1381692176 PB ieee/std_logic_arith 1381692177 \
      PB ieee/STD_LOGIC_UNSIGNED 1381692179
AR work/DataMemory/Behavioral 1479246529 \
      FL C:/Users/utp/Desktop/Procesador/Componentes/DM/DataMemory.vhd \
      EN work/DataMemory 1479246528
FL C:/Users/utp/Desktop/Procesador/Componentes/IM/IM.vhd 2016/11/15.16:33:28 P.20131013
EN work/IM 1479246502 FL C:/Users/utp/Desktop/Procesador/Componentes/IM/IM.vhd \
      PB ieee/std_logic_1164 1381692176 PB ieee/std_logic_arith 1381692177 \
      PB ieee/STD_LOGIC_UNSIGNED 1381692179 PB std/TEXTIO 1381692176
AR work/IM/Behavioral 1479246503 \
      FL C:/Users/utp/Desktop/Procesador/Componentes/IM/IM.vhd EN work/IM 1479246502
FL C:/Users/utp/Desktop/Procesador/Componentes/MUX/MUX.vhd 2016/11/15.16:33:28 P.20131013
EN work/MUX 1479246520 FL C:/Users/utp/Desktop/Procesador/Componentes/MUX/MUX.vhd \
      PB ieee/std_logic_1164 1381692176 PB ieee/std_logic_arith 1381692177 \
      PB ieee/STD_LOGIC_UNSIGNED 1381692179
AR work/MUX/Behavioral 1479246521 \
      FL C:/Users/utp/Desktop/Procesador/Componentes/MUX/MUX.vhd EN work/MUX 1479246520
FL C:/Users/utp/Desktop/Procesador/Componentes/MUX4/MUXF.vhd 2016/11/15.16:33:28 P.20131013
EN work/MUXF 1479246508 \
      FL C:/Users/utp/Desktop/Procesador/Componentes/MUX4/MUXF.vhd \
      PB ieee/std_logic_1164 1381692176 PB ieee/std_logic_arith 1381692177 \
      PB ieee/STD_LOGIC_UNSIGNED 1381692179
AR work/MUXF/Behavioral 1479246509 \
      FL C:/Users/utp/Desktop/Procesador/Componentes/MUX4/MUXF.vhd EN work/MUXF 1479246508
FL C:/Users/utp/Desktop/Procesador/Componentes/MUXC/MUXC.vhd 2016/11/15.16:33:28 P.20131013
EN work/MUXC 1479246514 \
      FL C:/Users/utp/Desktop/Procesador/Componentes/MUXC/MUXC.vhd \
      PB ieee/std_logic_1164 1381692176
AR work/MUXC/Behavioral 1479246515 \
      FL C:/Users/utp/Desktop/Procesador/Componentes/MUXC/MUXC.vhd EN work/MUXC 1479246514
FL C:/Users/utp/Desktop/Procesador/Componentes/PC/PC.vhd 2016/11/15.16:33:28 P.20131013
EN work/PC 1479246498 FL C:/Users/utp/Desktop/Procesador/Componentes/PC/PC.vhd \
      PB ieee/std_logic_1164 1381692176 PB ieee/std_logic_arith 1381692177 \
      PB ieee/STD_LOGIC_UNSIGNED 1381692179
AR work/PC/Behavioral 1479246499 \
      FL C:/Users/utp/Desktop/Procesador/Componentes/PC/PC.vhd EN work/PC 1479246498
FL C:/Users/utp/Desktop/Procesador/Componentes/PSR/PSR.vhd 2016/11/15.16:33:28 P.20131013
EN work/PSR 1479246524 FL C:/Users/utp/Desktop/Procesador/Componentes/PSR/PSR.vhd \
      PB ieee/std_logic_1164 1381692176 PB ieee/std_logic_arith 1381692177 \
      PB ieee/STD_LOGIC_UNSIGNED 1381692179
AR work/PSR/Behavioral 1479246525 \
      FL C:/Users/utp/Desktop/Procesador/Componentes/PSR/PSR.vhd EN work/PSR 1479246524
FL C:/Users/utp/Desktop/Procesador/Componentes/PSR_Modifier/PSR_Modifier.vhd 2016/11/15.16:33:28 P.20131013
EN work/PSR_Modifier 1479246522 \
      FL C:/Users/utp/Desktop/Procesador/Componentes/PSR_Modifier/PSR_Modifier.vhd \
      PB ieee/std_logic_1164 1381692176 PB ieee/std_logic_arith 1381692177 \
      PB ieee/STD_LOGIC_UNSIGNED 1381692179
AR work/PSR_Modifier/Behavioral 1479246523 \
      FL C:/Users/utp/Desktop/Procesador/Componentes/PSR_Modifier/PSR_Modifier.vhd \
      EN work/PSR_Modifier 1479246522
FL C:/Users/utp/Desktop/Procesador/Componentes/RegisterFileP/RegisterFile.vhd 2016/11/15.16:33:28 P.20131013
EN work/RegisterFile 1479246516 \
      FL C:/Users/utp/Desktop/Procesador/Componentes/RegisterFileP/RegisterFile.vhd \
      PB ieee/std_logic_1164 1381692176 PB ieee/std_logic_arith 1381692177 \
      PB ieee/STD_LOGIC_UNSIGNED 1381692179
AR work/RegisterFile/Behavioral 1479246517 \
      FL C:/Users/utp/Desktop/Procesador/Componentes/RegisterFileP/RegisterFile.vhd \
      EN work/RegisterFile 1479246516
FL C:/Users/utp/Desktop/Procesador/Componentes/SEU/SEU.vhd 2016/11/15.16:33:28 P.20131013
EN work/SEU 1479246518 FL C:/Users/utp/Desktop/Procesador/Componentes/SEU/SEU.vhd \
      PB ieee/std_logic_1164 1381692176 PB ieee/std_logic_arith 1381692177 \
      PB ieee/STD_LOGIC_UNSIGNED 1381692179
AR work/SEU/Behavioral 1479246519 \
      FL C:/Users/utp/Desktop/Procesador/Componentes/SEU/SEU.vhd EN work/SEU 1479246518
FL C:/Users/utp/Desktop/Procesador/Componentes/SEU22/SEUDisp.vhd 2016/11/15.16:33:28 P.20131013
EN work/SEUDisp 1479246504 \
      FL C:/Users/utp/Desktop/Procesador/Componentes/SEU22/SEUDisp.vhd \
      PB ieee/std_logic_1164 1381692176
AR work/SEUDisp/Behavioral 1479246505 \
      FL C:/Users/utp/Desktop/Procesador/Componentes/SEU22/SEUDisp.vhd \
      EN work/SEUDisp 1479246504
FL C:/Users/utp/Desktop/Procesador/Componentes/SEU30/SEU30.vhd 2016/11/15.16:33:28 P.20131013
EN work/SEU30 1479246506 \
      FL C:/Users/utp/Desktop/Procesador/Componentes/SEU30/SEU30.vhd \
      PB ieee/std_logic_1164 1381692176
AR work/SEU30/Behavioral 1479246507 \
      FL C:/Users/utp/Desktop/Procesador/Componentes/SEU30/SEU30.vhd \
      EN work/SEU30 1479246506
FL C:/Users/utp/Desktop/Procesador/Componentes/Sumador/Sumador.vhd 2016/11/15.16:33:28 P.20131013
EN work/Sumador 1479246500 \
      FL C:/Users/utp/Desktop/Procesador/Componentes/Sumador/Sumador.vhd \
      PB ieee/std_logic_1164 1381692176 PB ieee/std_logic_arith 1381692177 \
      PB ieee/STD_LOGIC_UNSIGNED 1381692179
AR work/Sumador/arq_Sumador 1479246501 \
      FL C:/Users/utp/Desktop/Procesador/Componentes/Sumador/Sumador.vhd \
      EN work/Sumador 1479246500
FL C:/Users/utp/Desktop/Procesador/Componentes/UnityControlP/UnityControl.vhd 2016/11/15.16:33:28 P.20131013
EN work/UnityControl 1479246510 \
      FL C:/Users/utp/Desktop/Procesador/Componentes/UnityControlP/UnityControl.vhd \
      PB ieee/std_logic_1164 1381692176 PB ieee/std_logic_arith 1381692177 \
      PB ieee/STD_LOGIC_UNSIGNED 1381692179
AR work/UnityControl/Behavioral 1479246511 \
      FL C:/Users/utp/Desktop/Procesador/Componentes/UnityControlP/UnityControl.vhd \
      EN work/UnityControl 1479246510
FL C:/Users/utp/Desktop/Procesador/Componentes/WindowsManager/Win_Man.vhd 2016/11/15.16:33:28 P.20131013
EN work/Win_Man 1479246512 \
      FL C:/Users/utp/Desktop/Procesador/Componentes/WindowsManager/Win_Man.vhd \
      PB ieee/std_logic_1164 1381692176 PB ieee/std_logic_arith 1381692177 \
      PB ieee/STD_LOGIC_UNSIGNED 1381692179
AR work/Win_Man/Behavioral 1479246513 \
      FL C:/Users/utp/Desktop/Procesador/Componentes/WindowsManager/Win_Man.vhd \
      EN work/Win_Man 1479246512
FL C:/Users/utp/Desktop/Procesador/Procesadores/Tercero/Procesador.vhd 2016/11/15.16:33:28 P.20131013
EN work/Procesador 1479246530 \
      FL C:/Users/utp/Desktop/Procesador/Procesadores/Tercero/Procesador.vhd \
      PB ieee/std_logic_1164 1381692176 PB ieee/std_logic_arith 1381692177 \
      PB ieee/STD_LOGIC_UNSIGNED 1381692179
AR work/Procesador/Behavioral 1479246531 \
      FL C:/Users/utp/Desktop/Procesador/Procesadores/Tercero/Procesador.vhd \
      EN work/Procesador 1479246530 CP PC CP Sumador CP IM CP SEUDisp CP SEU30 CP MUXF \
      CP UnityControl CP Win_Man CP MUXC CP RegisterFile CP SEU CP MUX CP PSR_Modifier \
      CP PSR CP ALU CP DataMemory
