V3 84
FL C:/Users/Vera96/Desktop/Procesador/Componentes/ALUMod/ALU.vhd 2016/11/08.22:56:19 P.20131013
EN work/ALU 1478701782 \
      FL C:/Users/Vera96/Desktop/Procesador/Componentes/ALUMod/ALU.vhd \
      PB ieee/std_logic_1164 1381692176 PB ieee/std_logic_arith 1381692177 \
      PB ieee/STD_LOGIC_UNSIGNED 1381692179
AR work/ALU/Behavioral 1478701783 \
      FL C:/Users/Vera96/Desktop/Procesador/Componentes/ALUMod/ALU.vhd \
      EN work/ALU 1478701782
FL C:/Users/Vera96/Desktop/Procesador/Componentes/DM/DataMemory.vhd 2016/11/08.16:25:30 P.20131013
EN work/DataMemory 1478701784 \
      FL C:/Users/Vera96/Desktop/Procesador/Componentes/DM/DataMemory.vhd \
      PB ieee/std_logic_1164 1381692176 PB ieee/std_logic_arith 1381692177 \
      PB ieee/STD_LOGIC_UNSIGNED 1381692179
AR work/DataMemory/Behavioral 1478701785 \
      FL C:/Users/Vera96/Desktop/Procesador/Componentes/DM/DataMemory.vhd \
      EN work/DataMemory 1478701784
FL C:/Users/Vera96/Desktop/Procesador/Componentes/IM/IM.vhd 2016/11/08.22:56:19 P.20131013
EN work/IM 1478701758 FL C:/Users/Vera96/Desktop/Procesador/Componentes/IM/IM.vhd \
      PB ieee/std_logic_1164 1381692176 PB ieee/std_logic_arith 1381692177 \
      PB ieee/STD_LOGIC_UNSIGNED 1381692179 PB std/TEXTIO 1381692176
AR work/IM/Behavioral 1478701759 \
      FL C:/Users/Vera96/Desktop/Procesador/Componentes/IM/IM.vhd EN work/IM 1478701758
FL C:/Users/Vera96/Desktop/Procesador/Componentes/MUX/MUX.vhd 2016/11/08.22:56:20 P.20131013
EN work/MUX 1478701776 \
      FL C:/Users/Vera96/Desktop/Procesador/Componentes/MUX/MUX.vhd \
      PB ieee/std_logic_1164 1381692176 PB ieee/std_logic_arith 1381692177 \
      PB ieee/STD_LOGIC_UNSIGNED 1381692179
AR work/MUX/Behavioral 1478701777 \
      FL C:/Users/Vera96/Desktop/Procesador/Componentes/MUX/MUX.vhd EN work/MUX 1478701776
FL C:/Users/Vera96/Desktop/Procesador/Componentes/MUX4/MUXF.vhd 2016/11/08.22:56:20 P.20131013
EN work/MUXF 1478701764 \
      FL C:/Users/Vera96/Desktop/Procesador/Componentes/MUX4/MUXF.vhd \
      PB ieee/std_logic_1164 1381692176
AR work/MUXF/Behavioral 1478701765 \
      FL C:/Users/Vera96/Desktop/Procesador/Componentes/MUX4/MUXF.vhd \
      EN work/MUXF 1478701764
FL C:/Users/Vera96/Desktop/Procesador/Componentes/MUXC/MUXC.vhd 2016/11/08.17:50:59 P.20131013
EN work/MUXC 1478701770 \
      FL C:/Users/Vera96/Desktop/Procesador/Componentes/MUXC/MUXC.vhd \
      PB ieee/std_logic_1164 1381692176
AR work/MUXC/Behavioral 1478701771 \
      FL C:/Users/Vera96/Desktop/Procesador/Componentes/MUXC/MUXC.vhd \
      EN work/MUXC 1478701770
FL C:/Users/Vera96/Desktop/Procesador/Componentes/PC/PC.vhd 2016/11/08.22:56:20 P.20131013
EN work/PC 1478701754 FL C:/Users/Vera96/Desktop/Procesador/Componentes/PC/PC.vhd \
      PB ieee/std_logic_1164 1381692176 PB ieee/std_logic_arith 1381692177 \
      PB ieee/STD_LOGIC_UNSIGNED 1381692179
AR work/PC/Behavioral 1478701755 \
      FL C:/Users/Vera96/Desktop/Procesador/Componentes/PC/PC.vhd EN work/PC 1478701754
FL C:/Users/Vera96/Desktop/Procesador/Componentes/PSR/PSR.vhd 2016/11/08.22:56:20 P.20131013
EN work/PSR 1478701780 \
      FL C:/Users/Vera96/Desktop/Procesador/Componentes/PSR/PSR.vhd \
      PB ieee/std_logic_1164 1381692176 PB ieee/std_logic_arith 1381692177 \
      PB ieee/STD_LOGIC_UNSIGNED 1381692179
AR work/PSR/Behavioral 1478701781 \
      FL C:/Users/Vera96/Desktop/Procesador/Componentes/PSR/PSR.vhd EN work/PSR 1478701780
FL C:/Users/Vera96/Desktop/Procesador/Componentes/PSR_Modifier/PSR_Modifier.vhd 2016/11/08.22:56:20 P.20131013
EN work/PSR_Modifier 1478701778 \
      FL C:/Users/Vera96/Desktop/Procesador/Componentes/PSR_Modifier/PSR_Modifier.vhd \
      PB ieee/std_logic_1164 1381692176 PB ieee/std_logic_arith 1381692177 \
      PB ieee/STD_LOGIC_UNSIGNED 1381692179
AR work/PSR_Modifier/Behavioral 1478701779 \
      FL C:/Users/Vera96/Desktop/Procesador/Componentes/PSR_Modifier/PSR_Modifier.vhd \
      EN work/PSR_Modifier 1478701778
FL C:/Users/Vera96/Desktop/Procesador/Componentes/RegisterFileP/RegisterFile.vhd 2016/11/05.19:36:22 P.20131013
EN work/RegisterFile 1478701772 \
      FL C:/Users/Vera96/Desktop/Procesador/Componentes/RegisterFileP/RegisterFile.vhd \
      PB ieee/std_logic_1164 1381692176 PB ieee/std_logic_arith 1381692177 \
      PB ieee/STD_LOGIC_UNSIGNED 1381692179
AR work/RegisterFile/Behavioral 1478701773 \
      FL C:/Users/Vera96/Desktop/Procesador/Componentes/RegisterFileP/RegisterFile.vhd \
      EN work/RegisterFile 1478701772
FL C:/Users/Vera96/Desktop/Procesador/Componentes/SEU/SEU.vhd 2016/11/08.22:56:20 P.20131013
EN work/SEU 1478701774 \
      FL C:/Users/Vera96/Desktop/Procesador/Componentes/SEU/SEU.vhd \
      PB ieee/std_logic_1164 1381692176 PB ieee/std_logic_arith 1381692177 \
      PB ieee/STD_LOGIC_UNSIGNED 1381692179
AR work/SEU/Behavioral 1478701775 \
      FL C:/Users/Vera96/Desktop/Procesador/Componentes/SEU/SEU.vhd EN work/SEU 1478701774
FL C:/Users/Vera96/Desktop/Procesador/Componentes/SEU22/SEUDisp.vhd 2016/11/08.22:56:21 P.20131013
EN work/SEUDisp 1478701760 \
      FL C:/Users/Vera96/Desktop/Procesador/Componentes/SEU22/SEUDisp.vhd \
      PB ieee/std_logic_1164 1381692176
AR work/SEUDisp/Behavioral 1478701761 \
      FL C:/Users/Vera96/Desktop/Procesador/Componentes/SEU22/SEUDisp.vhd \
      EN work/SEUDisp 1478701760
FL C:/Users/Vera96/Desktop/Procesador/Componentes/SEU30/SEU30.vhd 2016/11/08.22:56:21 P.20131013
EN work/SEU30 1478701762 \
      FL C:/Users/Vera96/Desktop/Procesador/Componentes/SEU30/SEU30.vhd \
      PB ieee/std_logic_1164 1381692176
AR work/SEU30/Behavioral 1478701763 \
      FL C:/Users/Vera96/Desktop/Procesador/Componentes/SEU30/SEU30.vhd \
      EN work/SEU30 1478701762
FL C:/Users/Vera96/Desktop/Procesador/Componentes/Sumador/Sumador.vhd 2016/11/08.22:56:21 P.20131013
EN work/Sumador 1478701756 \
      FL C:/Users/Vera96/Desktop/Procesador/Componentes/Sumador/Sumador.vhd \
      PB ieee/std_logic_1164 1381692176 PB ieee/std_logic_arith 1381692177 \
      PB ieee/STD_LOGIC_UNSIGNED 1381692179
AR work/Sumador/arq_Sumador 1478701757 \
      FL C:/Users/Vera96/Desktop/Procesador/Componentes/Sumador/Sumador.vhd \
      EN work/Sumador 1478701756
FL C:/Users/Vera96/Desktop/Procesador/Componentes/UnityControlP/UnityControl.vhd 2016/11/05.19:40:37 P.20131013
EN work/UnityControl 1478701766 \
      FL C:/Users/Vera96/Desktop/Procesador/Componentes/UnityControlP/UnityControl.vhd \
      PB ieee/std_logic_1164 1381692176 PB ieee/std_logic_arith 1381692177 \
      PB ieee/STD_LOGIC_UNSIGNED 1381692179
AR work/UnityControl/Behavioral 1478701767 \
      FL C:/Users/Vera96/Desktop/Procesador/Componentes/UnityControlP/UnityControl.vhd \
      EN work/UnityControl 1478701766
FL C:/Users/Vera96/Desktop/Procesador/Componentes/WindowsManager/Win_Man.vhd 2016/11/08.22:56:21 P.20131013
EN work/Win_Man 1478701768 \
      FL C:/Users/Vera96/Desktop/Procesador/Componentes/WindowsManager/Win_Man.vhd \
      PB ieee/std_logic_1164 1381692176 PB ieee/std_logic_arith 1381692177 \
      PB ieee/STD_LOGIC_UNSIGNED 1381692179
AR work/Win_Man/Behavioral 1478701769 \
      FL C:/Users/Vera96/Desktop/Procesador/Componentes/WindowsManager/Win_Man.vhd \
      EN work/Win_Man 1478701768
FL C:/Users/Vera96/Desktop/Procesador/Procesadores/Tercero/Procesador.vhd 2016/11/09.09:29:09 P.20131013
EN work/Procesador 1478701786 \
      FL C:/Users/Vera96/Desktop/Procesador/Procesadores/Tercero/Procesador.vhd \
      PB ieee/std_logic_1164 1381692176 PB ieee/std_logic_arith 1381692177 \
      PB ieee/STD_LOGIC_UNSIGNED 1381692179
AR work/Procesador/Behavioral 1478701787 \
      FL C:/Users/Vera96/Desktop/Procesador/Procesadores/Tercero/Procesador.vhd \
      EN work/Procesador 1478701786 CP PC CP Sumador CP IM CP SEUDisp CP SEU30 CP MUXF \
      CP UnityControl CP Win_Man CP MUXC CP RegisterFile CP SEU CP MUX CP PSR_Modifier \
      CP PSR CP ALU CP DataMemory
FL D:/Arquitectura/Componentes/ALUMod/ALU.vhd 2016/10/20.15:28:23 P.20131013
FL D:/Arquitectura/Componentes/DM/DataMemory.vhd 2016/11/08.16:25:30 P.20131013
FL D:/Arquitectura/Componentes/IM/IM.vhd 2016/10/05.14:46:09 P.20131013
FL D:/Arquitectura/Componentes/MUX/MUX.vhd 2016/10/13.17:15:20 P.20131013
FL D:/Arquitectura/Componentes/MUX4/MUXF.vhd 2016/10/28.16:53:09 P.20131013
FL D:/Arquitectura/Componentes/MUXC/MUXC.vhd 2016/11/08.17:50:59 P.20131013
FL D:/Arquitectura/Componentes/PC/PC.vhd 2016/10/04.17:13:20 P.20131013
FL D:/Arquitectura/Componentes/PSR/PSR.vhd 2016/10/21.14:39:05 P.20131013
FL D:/Arquitectura/Componentes/PSR_Modifier/PSR_Modifier.vhd 2016/10/21.15:12:19 P.20131013
FL D:/Arquitectura/Componentes/RegisterFileP/RegisterFile.vhd 2016/11/05.19:36:22 P.20131013
FL D:/Arquitectura/Componentes/SEU/SEU.vhd 2016/10/04.17:00:29 P.20131013
FL D:/Arquitectura/Componentes/SEU22/SEUDisp.vhd 2016/10/28.16:42:51 P.20131013
FL D:/Arquitectura/Componentes/SEU30/SEU30.vhd 2016/10/28.17:24:47 P.20131013
FL D:/Arquitectura/Componentes/Sumador/Sumador.vhd 2016/10/05.15:25:11 P.20131013
FL D:/Arquitectura/Componentes/UnityControlP/UnityControl.vhd 2016/11/05.19:40:37 P.20131013
FL D:/Arquitectura/Componentes/WindowsManager/Win_Man.vhd 2016/10/26.14:33:56 P.20131013
FL D:/Arquitectura/Procesadores/Tercero/Procesador.vhd 2016/11/08.17:56:00 P.20131013
