V3 3
FL D:/Arquitectura/Componentes/UnityControlMod/UC.vhd 2016/10/19.15:06:54 P.20131013
EN work/UC 1476907624 FL D:/Arquitectura/Componentes/UnityControlMod/UC.vhd \
      PB ieee/std_logic_1164 1381692176 PB ieee/std_logic_arith 1381692177 \
      PB ieee/STD_LOGIC_UNSIGNED 1381692179
AR work/UC/Behavioral 1476907625 \
      FL D:/Arquitectura/Componentes/UnityControlMod/UC.vhd EN work/UC 1476907624
