V3 3
FL D:/Arquitectura/Componentes/Sumador/Sumador.vhd 2016/09/30.17:07:32 P.20131013
EN work/Sumador 1475273276 FL D:/Arquitectura/Componentes/Sumador/Sumador.vhd \
      PB ieee/std_logic_1164 1381692176 PB ieee/std_logic_arith 1381692177 \
      PB ieee/STD_LOGIC_UNSIGNED 1381692179
AR work/Sumador/arq_Sumador 1475273277 \
      FL D:/Arquitectura/Componentes/Sumador/Sumador.vhd EN work/Sumador 1475273276
