AR mux behavioral D:/Arquitectura/Componentes/MUX/MUX.vhd sub00/vhpl15 1477512886
EN psr NULL D:/Arquitectura/Componentes/PSR/PSR.vhd sub00/vhpl18 1477512889
AR procesador behavioral C:/Users/Vera96/Desktop/Arquitectura/ProcesadorFour/Procesador.vhd sub00/vhpl23 1477512894
EN seu NULL D:/Arquitectura/Componentes/SEU/SEU.vhd sub00/vhpl12 1477512883
EN win_man NULL D:/Arquitectura/Componentes/WindowsManager/Win_Man.vhd sub00/vhpl08 1477512879
AR sumador arq_sumador D:/Arquitectura/Componentes/Sumador/Sumador.vhd sub00/vhpl03 1477512874
AR im behavioral D:/Arquitectura/Componentes/IM/IM.vhd sub00/vhpl05 1477512876
EN im NULL D:/Arquitectura/Componentes/IM/IM.vhd sub00/vhpl04 1477512875
AR seu behavioral D:/Arquitectura/Componentes/SEU/SEU.vhd sub00/vhpl13 1477512884
EN pc NULL D:/Arquitectura/Componentes/PC/PC.vhd sub00/vhpl00 1477512871
AR psr_modifier behavioral D:/Arquitectura/Componentes/PSR_Modifier/PSR_Modifier.vhd sub00/vhpl17 1477512888
EN procesador NULL C:/Users/Vera96/Desktop/Arquitectura/ProcesadorFour/Procesador.vhd sub00/vhpl22 1477512893
AR uc behavioral D:/Arquitectura/Componentes/UnityControlMod/UC.vhd sub00/vhpl07 1477512878
EN uc NULL D:/Arquitectura/Componentes/UnityControlMod/UC.vhd sub00/vhpl06 1477512877
AR psr behavioral D:/Arquitectura/Componentes/PSR/PSR.vhd sub00/vhpl19 1477512890
AR win_man behavioral D:/Arquitectura/Componentes/WindowsManager/Win_Man.vhd sub00/vhpl09 1477512880
EN psr_modifier NULL D:/Arquitectura/Componentes/PSR_Modifier/PSR_Modifier.vhd sub00/vhpl16 1477512887
EN mux NULL D:/Arquitectura/Componentes/MUX/MUX.vhd sub00/vhpl14 1477512885
AR registerfile behavioral D:/Arquitectura/Componentes/RegisterFileMod/RegisterFile.vhd sub00/vhpl11 1477512882
AR alu behavioral D:/Arquitectura/Componentes/ALUMod/ALU.vhd sub00/vhpl21 1477512892
AR pc behavioral D:/Arquitectura/Componentes/PC/PC.vhd sub00/vhpl01 1477512872
EN sumador NULL D:/Arquitectura/Componentes/Sumador/Sumador.vhd sub00/vhpl02 1477512873
EN registerfile NULL D:/Arquitectura/Componentes/RegisterFileMod/RegisterFile.vhd sub00/vhpl10 1477512881
EN alu NULL D:/Arquitectura/Componentes/ALUMod/ALU.vhd sub00/vhpl20 1477512891
