V3 3
FL D:/Arquitectura/Componentes/WindowsManager/Win_Man.vhd 2016/10/26.14:33:56 P.20131013
EN work/Win_Man 1477510451 \
      FL D:/Arquitectura/Componentes/WindowsManager/Win_Man.vhd \
      PB ieee/std_logic_1164 1381692176 PB ieee/std_logic_arith 1381692177 \
      PB ieee/STD_LOGIC_UNSIGNED 1381692179
AR work/Win_Man/Behavioral 1477510452 \
      FL D:/Arquitectura/Componentes/WindowsManager/Win_Man.vhd EN work/Win_Man 1477510451
