V3 3
FL D:/Arquitectura/Componentes/PC/PC.vhd 2016/09/30.17:24:27 P.20131013
EN work/PC 1475274274 FL D:/Arquitectura/Componentes/PC/PC.vhd \
      PB ieee/std_logic_1164 1381692176 PB ieee/std_logic_arith 1381692177 \
      PB ieee/STD_LOGIC_UNSIGNED 1381692179
AR work/PC/Behavioral 1475274275 \
      FL D:/Arquitectura/Componentes/PC/PC.vhd EN work/PC 1475274274
