AR mux behavioral D:/Arquitectura/Componentes/MUX/MUX.vhd sub00/vhpl13 1475772533
EN seu NULL D:/Arquitectura/Componentes/SEU/SEU.vhd sub00/vhpl10 1475772530
AR sumador arq_sumador D:/Arquitectura/Componentes/Sumador/Sumador.vhd sub00/vhpl03 1475772523
AR im behavioral D:/Arquitectura/Componentes/IM/IM.vhd sub00/vhpl05 1475772525
EN im NULL D:/Arquitectura/Componentes/IM/IM.vhd sub00/vhpl04 1475772524
AR seu behavioral D:/Arquitectura/Componentes/SEU/SEU.vhd sub00/vhpl11 1475772531
EN pc NULL D:/Arquitectura/Componentes/PC/PC.vhd sub00/vhpl00 1475772520
EN primero NULL D:/Arquitectura/Procesadores/Primero/Primero.vhd sub00/vhpl16 1475772536
AR uc behavioral D:/Arquitectura/Componentes/UC/UC.vhd sub00/vhpl07 1475772527
EN uc NULL D:/Arquitectura/Componentes/UC/UC.vhd sub00/vhpl06 1475772526
AR primero behavioral D:/Arquitectura/Procesadores/Primero/Primero.vhd sub00/vhpl17 1475772537
EN mux NULL D:/Arquitectura/Componentes/MUX/MUX.vhd sub00/vhpl12 1475772532
AR registerfile behavioral D:/Arquitectura/Componentes/RegisterFile/RegisterFile.vhd sub00/vhpl09 1475772529
AR alu behavioral D:/Arquitectura/Componentes/ALU/ALU.vhd sub00/vhpl15 1475772535
AR pc behavioral D:/Arquitectura/Componentes/PC/PC.vhd sub00/vhpl01 1475772521
EN sumador NULL D:/Arquitectura/Componentes/Sumador/Sumador.vhd sub00/vhpl02 1475772522
EN registerfile NULL D:/Arquitectura/Componentes/RegisterFile/RegisterFile.vhd sub00/vhpl08 1475772528
EN alu NULL D:/Arquitectura/Componentes/ALU/ALU.vhd sub00/vhpl14 1475772534
