V3 4
FL C:/Users/utp.CRIE/Desktop/Arquitectura/Componentes/RegisterFile/RegisterFile.vhd 2016/10/05.15:24:15 P.20131013
EN work/RegisterFile 1476395870 \
      FL C:/Users/utp.CRIE/Desktop/Arquitectura/Componentes/RegisterFile/RegisterFile.vhd \
      PB ieee/std_logic_1164 1381692176 PB ieee/std_logic_arith 1381692177 \
      PB ieee/STD_LOGIC_UNSIGNED 1381692179
AR work/RegisterFile/Behavioral 1476395871 \
      FL C:/Users/utp.CRIE/Desktop/Arquitectura/Componentes/RegisterFile/RegisterFile.vhd \
      EN work/RegisterFile 1476395870
FL D:/Arquitectura/Componentes/RegisterFile/RegisterFile.vhd 2016/10/04.23:37:52 P.20131013
