V3 3
FL D:/Arquitectura/Componentes/ALU/ALU.vhd 2016/09/30.18:18:12 P.20131013
EN work/ALU 1475277497 FL D:/Arquitectura/Componentes/ALU/ALU.vhd \
      PB ieee/std_logic_1164 1381692176 PB ieee/std_logic_arith 1381692177 \
      PB ieee/STD_LOGIC_UNSIGNED 1381692179
AR work/ALU/Behavioral 1475277498 \
      FL D:/Arquitectura/Componentes/ALU/ALU.vhd EN work/ALU 1475277497
